// Jest Snapshot v1, https://goo.gl/fbAQLP

exports[`<HeaderBar /> Does not explode 1`] = `
<View>
  <Text>
    HeaderBar
  </Text>
</View>
`;
