// Jest Snapshot v1, https://goo.gl/fbAQLP

exports[`<Login /> Does not explode 1`] = `
<View>
  <Text>
    Login
  </Text>
</View>
`;
