// Jest Snapshot v1, https://goo.gl/fbAQLP

exports[`<Home /> Does not explode 1`] = `
<View
  style={
    Object {
      "backgroundColor": "#e6f7ee",
      "flex": 1,
    }
  }
>
  <RCTScrollView
    scrollEnabled={false}
  >
    <View>
      <RNCSafeAreaView
        style={
          Object {
            "alignItems": "flex-end",
            "marginHorizontal": 20,
          }
        }
      >
        <View
          accessible={true}
          focusable={true}
          onClick={[Function]}
          onResponderGrant={[Function]}
          onResponderMove={[Function]}
          onResponderRelease={[Function]}
          onResponderTerminate={[Function]}
          onResponderTerminationRequest={[Function]}
          onStartShouldSetResponder={[Function]}
          style={
            Object {
              "opacity": 1,
            }
          }
        >
          <Text
            allowFontScaling={false}
            style={
              Array [
                Object {
                  "color": "#fff",
                  "fontSize": 32,
                },
                undefined,
                Object {
                  "fontFamily": "Entypo",
                  "fontStyle": "normal",
                  "fontWeight": "normal",
                },
                Object {},
              ]
            }
          >
            ï…œ
          </Text>
        </View>
      </RNCSafeAreaView>
      <View>
        <TextInput
          allowFontScaling={true}
          rejectResponderTermination={true}
          style={
            Object {
              "backgroundColor": "#000",
              "fontSize": 16,
              "height": 40,
              "padding": 10,
            }
          }
          underlineColorAndroid="transparent"
        />
      </View>
      <View
        style={
          Array [
            Object {
              "bottom": 0,
              "left": 0,
              "right": 0,
            },
            Object {
              "height": 0,
            },
            Object {},
          ]
        }
      />
    </View>
  </RCTScrollView>
</View>
`;
