// Jest Snapshot v1, https://goo.gl/fbAQLP

exports[`<Themes /> Does not explode 1`] = `
<RCTSafeAreaView
  emulateUnlessSupported={true}
  style={
    Object {
      "backgroundColor": "#e6f7ee",
      "flex": 1,
    }
  }
>
  <RCTScrollView>
    <View>
      <View
        accessible={true}
        focusable={true}
        onClick={[Function]}
        onResponderGrant={[Function]}
        onResponderMove={[Function]}
        onResponderRelease={[Function]}
        onResponderTerminate={[Function]}
        onResponderTerminationRequest={[Function]}
        onStartShouldSetResponder={[Function]}
        style={
          Object {
            "alignItems": "center",
            "backgroundColor": "#fff",
            "flexDirection": "row",
            "justifyContent": "space-between",
            "opacity": 1,
            "paddingHorizontal": 20,
            "paddingVertical": 16,
          }
        }
      >
        <Text
          style={
            Object {
              "fontSize": 16,
            }
          }
        >
          Theme 1
        </Text>
        <View
          style={
            Object {
              "flexDirection": "row",
            }
          }
        >
          <View
            style={
              Object {
                "marginRight": 12,
              }
            }
          >
            <Text
              allowFontScaling={false}
              style={
                Array [
                  Object {
                    "color": undefined,
                    "fontSize": 20,
                  },
                  undefined,
                  Object {
                    "fontFamily": "Entypo",
                    "fontStyle": "normal",
                    "fontWeight": "normal",
                  },
                  Object {},
                ]
              }
            >
              ï…€
            </Text>
          </View>
          <View
            style={
              Object {
                "backgroundColor": "#2fbe74",
                "height": 20,
                "width": 20,
              }
            }
          />
        </View>
      </View>
      <View
        style={
          Array [
            Object {
              "height": 0.5,
            },
            Object {
              "backgroundColor": "#D8F2E4",
            },
          ]
        }
      />
      <View
        accessible={true}
        focusable={true}
        onClick={[Function]}
        onResponderGrant={[Function]}
        onResponderMove={[Function]}
        onResponderRelease={[Function]}
        onResponderTerminate={[Function]}
        onResponderTerminationRequest={[Function]}
        onStartShouldSetResponder={[Function]}
        style={
          Object {
            "alignItems": "center",
            "backgroundColor": "#fff",
            "flexDirection": "row",
            "justifyContent": "space-between",
            "opacity": 1,
            "paddingHorizontal": 20,
            "paddingVertical": 16,
          }
        }
      >
        <Text
          style={
            Object {
              "fontSize": 16,
            }
          }
        >
          Theme 2
        </Text>
        <View
          style={
            Object {
              "flexDirection": "row",
            }
          }
        >
          <View
            style={
              Object {
                "backgroundColor": "#8b50da",
                "height": 20,
                "width": 20,
              }
            }
          />
        </View>
      </View>
      <View
        style={
          Array [
            Object {
              "height": 0.5,
            },
            Object {
              "backgroundColor": "#D8F2E4",
            },
          ]
        }
      />
      <View
        accessible={true}
        focusable={true}
        onClick={[Function]}
        onResponderGrant={[Function]}
        onResponderMove={[Function]}
        onResponderRelease={[Function]}
        onResponderTerminate={[Function]}
        onResponderTerminationRequest={[Function]}
        onStartShouldSetResponder={[Function]}
        style={
          Object {
            "alignItems": "center",
            "backgroundColor": "#fff",
            "flexDirection": "row",
            "justifyContent": "space-between",
            "opacity": 1,
            "paddingHorizontal": 20,
            "paddingVertical": 16,
          }
        }
      >
        <Text
          style={
            Object {
              "fontSize": 16,
            }
          }
        >
          Theme 3
        </Text>
        <View
          style={
            Object {
              "flexDirection": "row",
            }
          }
        >
          <View
            style={
              Object {
                "backgroundColor": "#f69400",
                "height": 20,
                "width": 20,
              }
            }
          />
        </View>
      </View>
      <View
        style={
          Array [
            Object {
              "height": 0.5,
            },
            Object {
              "backgroundColor": "#D8F2E4",
            },
          ]
        }
      />
      <View
        accessible={true}
        focusable={true}
        onClick={[Function]}
        onResponderGrant={[Function]}
        onResponderMove={[Function]}
        onResponderRelease={[Function]}
        onResponderTerminate={[Function]}
        onResponderTerminationRequest={[Function]}
        onStartShouldSetResponder={[Function]}
        style={
          Object {
            "alignItems": "center",
            "backgroundColor": "#fff",
            "flexDirection": "row",
            "justifyContent": "space-between",
            "opacity": 1,
            "paddingHorizontal": 20,
            "paddingVertical": 16,
          }
        }
      >
        <Text
          style={
            Object {
              "fontSize": 16,
            }
          }
        >
          Theme 4
        </Text>
        <View
          style={
            Object {
              "flexDirection": "row",
            }
          }
        >
          <View
            style={
              Object {
                "backgroundColor": "#000000",
                "height": 20,
                "width": 20,
              }
            }
          />
        </View>
      </View>
      <View
        style={
          Array [
            Object {
              "height": 0.5,
            },
            Object {
              "backgroundColor": "#D8F2E4",
            },
          ]
        }
      />
    </View>
  </RCTScrollView>
</RCTSafeAreaView>
`;
