// Jest Snapshot v1, https://goo.gl/fbAQLP

exports[`<Options /> Does not explode 1`] = `
<View>
  <Text>
    Options
  </Text>
</View>
`;
