// Jest Snapshot v1, https://goo.gl/fbAQLP

exports[`<CurrencyList /> Does not explode 1`] = `
<View>
  <Text>
    CurrencyList
  </Text>
</View>
`;
